// Jest Snapshot v1, https://goo.gl/fbAQLP

exports[`Pruebas en <FirstApp/> debe de hacer match con el snappshot 1`] = `
<div>
  <h1
    data-testid="test-title"
  >
     
    Hola, soy el titulo!
  </h1>
  <p>
    no hay subtitulo u
  </p>
  <p>
    Erik Villegas
  </p>
</div>
`;
